// Jest Snapshot v1, https://goo.gl/fbAQLP

exports[`RadioButtons component is styled 1`] = `
.c0 {
  display: -webkit-box;
  display: -webkit-flex;
  display: -ms-flexbox;
  display: flex;
  -webkit-flex-direction: column;
  -ms-flex-direction: column;
  flex-direction: column;
}

.c0 > * {
  padding: 1.5rem 0 1.5rem 0;
}

<fieldset
  className="c0"
>
  <legend />
  <label>
    <input
      name="answer"
      required={true}
      type="radio"
    />
  </label>
  <label>
    <input
      name="answer"
      type="radio"
    />
  </label>
</fieldset>
`;
